python : Traceback (most 
recent call last):
At line:1 char:1
+ python -c "from 
app.schemas.user import 
UserCreate" 2>&1 | Out-File 
- ...
+ ~~~~~~~~~~~~~~~~~~~~~~~~~~~
~~~~~~~~~~~~~~~~~~~~~~~~~~~~~
    + CategoryInfo           
   : NotSpecified: (Traceba  
  ck (most recent call las   
 t)::String) [], RemoteEx    
ception
    + FullyQualifiedErrorId  
   : NativeCommandError
 
  File "<string>", line 1, 
in <module>
  File "E:\Projects\AgriSoil 
AI\backend\app\schemas\__init
__.py", line 1, in <module>
    from app.schemas.user 
import (
ImportError: cannot import 
name 'PasswordResetRequest' 
from 'app.schemas.user' 
(E:\Projects\AgriSoil AI\back
end\app\schemas\user.py)
